[piyatas.tothong.com/index.html]
[backblue.gif]
[fade.gif]
[index.html]
[piyatas.tothong.com/wp-content/themes/More/assets/ico/favicon.png]
[piyatas.tothong.com/wp-content/themes/More/style.css]
[piyatas.tothong.com/wp-content/themes/More/assets/ico/apple-touch-icon-144-precomposed.png]
[piyatas.tothong.com/wp-content/themes/More/assets/ico/apple-touch-icon-114-precomposed.png]
[piyatas.tothong.com/wp-content/themes/More/assets/ico/apple-touch-icon-72-precomposed.png]
[piyatas.tothong.com/wp-content/themes/More/assets/ico/apple-touch-icon-57-precomposed.png]
[piyatas.tothong.com/feed/index.html]
[piyatas.tothong.com/wp-content/themes/More/assets/css/bootstrapc1f9.css]
[piyatas.tothong.com/wp-content/themes/More/assets/css/bootstrap-responsivec1f9.css]
[piyatas.tothong.com/comments/feed/index.html]
[piyatas.tothong.com/home/feed/index.html]
[piyatas.tothong.com/wp-content/themes/More/assets/css/mainc1f9.css]
[piyatas.tothong.com/wp-content/themes/More/assets/js/google-code-prettify/prettifyc1f9.css]
[piyatas.tothong.com/wp-content/themes/More/assets/nivo/nivo-sliderc1f9.css]
[piyatas.tothong.com/wp-content/themes/More/assets/css/prettyPhotoc1f9.css]
[piyatas.tothong.com/wp-content/plugins/jetpack/css/jetpackf3c8.css]
[piyatas.tothong.com/wp-content/themes/More/widgets/js/jquery.tweetc1f9.js]
[piyatas.tothong.com/wp-content/themes/More/assets/js/google-code-prettify/prettifyc1f9.js]
[piyatas.tothong.com/wp-content/themes/More/assets/js/applicationc1f9.js]
[piyatas.tothong.com/wp-content/themes/More/assets/js/bootstrap.minc1f9.js]
[piyatas.tothong.com/wp-content/themes/More/assets/js/jquery.easing.1.3c1f9.js]
[piyatas.tothong.com/wp-content/themes/More/assets/js/jquery-1.7.1.minc1f9.js]
[piyatas.tothong.com/wp-content/themes/More/assets/js/superfish-menu/superfishc1f9.js]
[piyatas.tothong.com/wp-content/themes/More/assets/js/jquery.nivo.slider.packc1f9.js]
[piyatas.tothong.com/wp-content/themes/More/assets/js/jquery.prettyPhotoc1f9.js]
[piyatas.tothong.com/wp-content/themes/More/assets/js/slides.min.jqueryc1f9.js]
[piyatas.tothong.com/wp-content/themes/More/assets/js/jquery.isotope.minc1f9.js]
[piyatas.tothong.com/wp-content/themes/More/assets/js/testimonialrotatorc1f9.js]
[piyatas.tothong.com/wp-content/themes/More/assets/js/jquery.waitforimagesc1f9.js]
[piyatas.tothong.com/wp-content/themes/More/assets/js/jquery.preloaderc1f9.js]
[piyatas.tothong.com/xmlrpc0db0.php]
[piyatas.tothong.com/wp-json/index.html]
[piyatas.tothong.com/wp-includes/wlwmanifest.xml]
[piyatas.tothong.com/wp-content/themes/More/styles/turquoise.css]
[piyatas.tothong.com/wp-content/uploads/2013/01/favicon_aimee.png]
[piyatas.tothong.com/wp-content/uploads/2013/01/logo_aimee.png]
[piyatas.tothong.com/wp-content/uploads/2013/01/slide1.jpg]
[piyatas.tothong.com/wp-content/uploads/2013/01/slide2.jpg]
[piyatas.tothong.com/portfolio/index.html]
[piyatas.tothong.com/wp-content/uploads/2013/01/slide3.jpg]
[piyatas.tothong.com/contact/index.html]
[piyatas.tothong.com/wp-content/uploads/2013/02/Aimee_Resume.pdf]
[i2.wp.com/piyatas.tothong.com/wp-content/uploads/2013/02/element131cc.png]
[i0.wp.com/piyatas.tothong.com/wp-content/uploads/2013/02/element231cc.png]
[i2.wp.com/piyatas.tothong.com/wp-content/uploads/2013/02/element331cc.png]
[i1.wp.com/piyatas.tothong.com/wp-content/uploads/2015/06/0092e34.jpg]
[piyatas.tothong.com/wp-content/uploads/2015/06/009.jpg]
[i1.wp.com/piyatas.tothong.com/wp-content/uploads/2015/06/00PageFlows2e34.jpg]
[piyatas.tothong.com/portfolio/research/index.html]
[piyatas.tothong.com/wp-content/uploads/2015/06/00PageFlows.jpg]
[i2.wp.com/piyatas.tothong.com/wp-content/uploads/2015/06/00DesignSketches_B2e34.jpg]
[piyatas.tothong.com/portfolio/page-flows/index.html]
[piyatas.tothong.com/wp-content/uploads/2015/06/00DesignSketches_B.jpg]
[i0.wp.com/piyatas.tothong.com/wp-content/uploads/2015/06/00DotVoting2e34.jpg]
[piyatas.tothong.com/portfolio/design-sketching/index.html]
[piyatas.tothong.com/wp-content/uploads/2015/06/00DotVoting.jpg]
[i0.wp.com/piyatas.tothong.com/wp-content/uploads/2013/02/ya2e34.jpg]
[piyatas.tothong.com/portfolio/dot-voting/index.html]
[piyatas.tothong.com/wp-content/uploads/2013/02/ya.jpg]
[i0.wp.com/piyatas.tothong.com/wp-content/uploads/2013/01/UFR_network2e34.jpg]
[piyatas.tothong.com/portfolio/young-arts-network/index.html]
[piyatas.tothong.com/wp-content/uploads/2013/01/UFR_network.jpg]
[i0.wp.com/piyatas.tothong.com/wp-content/uploads/2013/01/ya081006e.jpg]
[piyatas.tothong.com/wp-content/uploads/2013/01/ya081.jpg]
[piyatas.tothong.com/portfolio/ufr-network/index.html]
[i0.wp.com/piyatas.tothong.com/wp-content/uploads/2013/01/TCrecordNewLook3e1a.jpg]
[piyatas.tothong.com/category/process/index.html]
[piyatas.tothong.com/wp-content/uploads/2013/01/TCrecordNewLook.jpg]
[piyatas.tothong.com/wireframing-young-arts-network/index.html]
[i1.wp.com/piyatas.tothong.com/wp-content/uploads/2013/01/UFRwireframing3e1a.jpg]
[piyatas.tothong.com/new-look-of-tc-record-website/index.html]
[piyatas.tothong.com/wp-content/uploads/2013/01/UFRwireframing.jpg]
[i1.wp.com/piyatas.tothong.com/wp-content/uploads/2013/01/wireframingOE4e04.png]
[piyatas.tothong.com/wireframing-ufr-network/index.html]
[piyatas.tothong.com/wp-content/uploads/2013/01/wireframingOE.png]
[piyatas.tothong.com/wp-content/uploads/2013/02/link1.jpg]
[piyatas.tothong.com/wireframing-oriental-escapes-website/index.html]
[piyatas.tothong.com/wp-content/uploads/2013/02/link2.jpg]
[piyatas.tothong.com/wp-content/uploads/2013/02/link3.jpg]
[piyatas.tothong.com/wp-content/uploads/2013/02/link4.jpg]
[piyatas.tothong.com/wp-content/uploads/2013/02/link5.jpg]
[piyatas.tothong.com/wp-content/uploads/2013/02/link6.jpg]
[piyatas.tothong.com/wp-content/themes/More/assets/js/custom.js]
[piyatas.tothong.com/wp-includes/js/comment-reply.minc1f9.js]
[piyatas.tothong.com/wp-content/plugins/jetpack/modules/photon/photonb3d9.js]
[s0.wp.com/wp-content/js/devicepx-jetpack3467.js]
[s.gravatar.com/js/gprofiles1554.js]
[piyatas.tothong.com/wp-content/plugins/jetpack/modules/wpgrohoc1f9.js]
[piyatas.tothong.com/index.html]
[piyatas.tothong.com/wp-includes/js/wp-embed.minc1f9.js]
[stats.wp.com/e-201627.js]
[piyatas.tothong.com/wp-content/themes/More/style.css]
[piyatas.tothong.com/xmlrpc.php]
[piyatas.tothong.com/wp-content/themes/More/assets/img/glyphicons-halflings.png]
[piyatas.tothong.com/wp-content/themes/More/assets/img/glyphicons-halflings-white.png]
[piyatas.tothong.com/wp-content/themes/More/assets/css/bootstrapc1f9.css]
[piyatas.tothong.com/wp-content/themes/More/assets/css/bootstrap-responsivec1f9.css]
[piyatas.tothong.com/wp-content/themes/More/assets/img/bg_lines.png]
[piyatas.tothong.com/wp-content/themes/More/assets/img/icons_twitter.png]
[piyatas.tothong.com/wp-content/themes/More/assets/img/icons_facebook.png]
[piyatas.tothong.com/wp-content/themes/More/assets/img/icons_dribbble.png]
[piyatas.tothong.com/wp-content/themes/More/assets/img/icons_google.png]
[piyatas.tothong.com/wp-content/themes/More/assets/img/icons_youtube.png]
[piyatas.tothong.com/wp-content/themes/More/assets/img/icons_flickr.png]
[piyatas.tothong.com/wp-content/themes/More/assets/img/icons_pinterest.png]
[piyatas.tothong.com/wp-content/themes/More/assets/img/icons_linkedin.png]
[piyatas.tothong.com/wp-content/themes/More/assets/img/icons_skype.png]
[piyatas.tothong.com/wp-content/themes/More/assets/img/icons_picasa.png]
[piyatas.tothong.com/wp-content/themes/More/assets/img/icons_forrst.png]
[piyatas.tothong.com/wp-content/themes/More/assets/img/icons_lastfm.png]
[piyatas.tothong.com/wp-content/themes/More/assets/img/icons_vimeo.png]
[piyatas.tothong.com/wp-content/themes/More/assets/img/icons_rss.png]
[piyatas.tothong.com/wp-content/themes/More/assets/img/patterns/sep.png]
[piyatas.tothong.com/wp-content/themes/More/assets/img/spinner-slider.gif]
[piyatas.tothong.com/wp-content/themes/More/assets/img/spinner.gif]
[piyatas.tothong.com/wp-content/themes/More/assets/img/zoom.png]
[piyatas.tothong.com/wp-content/themes/More/assets/img/link.png]
[piyatas.tothong.com/wp-content/themes/More/assets/img/patterns/port-sep.png]
[piyatas.tothong.com/wp-content/themes/More/assets/img/texture-dark.jpg]
[piyatas.tothong.com/wp-content/themes/More/assets/img/patterns/sep_w.png]
[piyatas.tothong.com/wp-content/themes/More/assets/img/patterns/sep-half.png]
[piyatas.tothong.com/wp-content/themes/More/assets/img/tw.png]
[piyatas.tothong.com/wp-content/themes/More/assets/img/bl.png]
[piyatas.tothong.com/wp-content/themes/More/assets/img/arr-left-min.png]
[piyatas.tothong.com/wp-content/themes/More/assets/img/arr-right-min.png]
[piyatas.tothong.com/wp-content/themes/More/assets/img/arr-right-min-hover.png]
[piyatas.tothong.com/wp-content/themes/More/assets/img/arr-left-min-hover.png]
[piyatas.tothong.com/wp-content/themes/More/assets/img/sort.png]
[piyatas.tothong.com/wp-content/themes/More/assets/css/mainc1f9.css]
[piyatas.tothong.com/wp-content/themes/More/assets/js/google-code-prettify/prettifyc1f9.css]
[piyatas.tothong.com/wp-content/themes/More/assets/img/arr-left.png]
[piyatas.tothong.com/wp-content/themes/More/assets/img/arr-right.png]
[piyatas.tothong.com/wp-content/themes/More/assets/img/arr-right-hover.png]
[piyatas.tothong.com/wp-content/themes/More/assets/img/arr-left-hover.png]
[piyatas.tothong.com/wp-content/themes/More/assets/nivo/nivo-sliderc1f9.css]
[piyatas.tothong.com/wp-content/themes/More/assets/images/prettyPhoto/default/sprite.png]
[piyatas.tothong.com/wp-content/themes/More/assets/images/prettyPhoto/default/sprite_x.png]
[piyatas.tothong.com/wp-content/themes/More/assets/images/prettyPhoto/default/sprite_y.png]
[piyatas.tothong.com/wp-content/themes/More/assets/images/prettyPhoto/default/sprite_next.png]
[piyatas.tothong.com/wp-content/themes/More/assets/images/prettyPhoto/default/sprite_prev.png]
[piyatas.tothong.com/wp-content/themes/More/assets/images/prettyPhoto/default/default_thumb.png]
[piyatas.tothong.com/wp-content/themes/More/assets/images/prettyPhoto/default/loader.gif]
[piyatas.tothong.com/wp-content/themes/More/assets/images/prettyPhoto/light_rounded/sprite.png]
[piyatas.tothong.com/wp-content/themes/More/assets/images/prettyPhoto/light_rounded/btnNext.png]
[piyatas.tothong.com/wp-content/themes/More/assets/images/prettyPhoto/light_rounded/btnPrevious.png]
[piyatas.tothong.com/wp-content/themes/More/assets/images/prettyPhoto/dark_rounded/sprite.png]
[piyatas.tothong.com/wp-content/themes/More/assets/images/prettyPhoto/dark_rounded/contentPattern.png]
[piyatas.tothong.com/wp-content/themes/More/assets/images/prettyPhoto/dark_rounded/btnNext.png]
[piyatas.tothong.com/wp-content/themes/More/assets/images/prettyPhoto/dark_rounded/btnPrevious.png]
[piyatas.tothong.com/wp-content/themes/More/assets/images/prettyPhoto/dark_rounded/loader.gif]
[piyatas.tothong.com/wp-content/themes/More/assets/images/prettyPhoto/dark_square/loader.gif]
[piyatas.tothong.com/wp-content/themes/More/assets/images/prettyPhoto/dark_square/sprite.png]
[piyatas.tothong.com/wp-content/themes/More/assets/images/prettyPhoto/dark_square/btnNext.png]
[piyatas.tothong.com/wp-content/themes/More/assets/images/prettyPhoto/dark_square/btnPrevious.png]
[piyatas.tothong.com/wp-content/themes/More/assets/images/prettyPhoto/light_square/sprite.png]
[piyatas.tothong.com/wp-content/themes/More/assets/images/prettyPhoto/light_square/btnNext.png]
[piyatas.tothong.com/wp-content/themes/More/assets/images/prettyPhoto/light_square/btnPrevious.png]
[piyatas.tothong.com/wp-content/themes/More/assets/images/prettyPhoto/facebook/sprite.png]
[piyatas.tothong.com/wp-content/themes/More/assets/images/prettyPhoto/facebook/contentPatternTop.png]
[piyatas.tothong.com/wp-content/themes/More/assets/images/prettyPhoto/facebook/contentPatternLeft.png]
[piyatas.tothong.com/wp-content/themes/More/assets/images/prettyPhoto/facebook/contentPatternRight.png]
[piyatas.tothong.com/wp-content/themes/More/assets/images/prettyPhoto/facebook/loader.gif]
[piyatas.tothong.com/wp-content/themes/More/assets/images/prettyPhoto/facebook/btnNext.png]
[piyatas.tothong.com/wp-content/themes/More/assets/images/prettyPhoto/facebook/btnPrevious.png]
[piyatas.tothong.com/wp-content/themes/More/assets/images/prettyPhoto/facebook/contentPatternBottom.png]
[piyatas.tothong.com/wp-content/themes/More/assets/images/prettyPhoto/facebook/default_thumbnail.gif]
[piyatas.tothong.com/wp-content/themes/More/assets/images/prettyPhoto/light_rounded/loader.gif]
[piyatas.tothong.com/wp-content/themes/More/assets/css/prettyPhotoc1f9.css]
[piyatas.tothong.com/wp-content/plugins/jetpack/modules/carousel/images/arrows.png]
[piyatas.tothong.com/wp-content/plugins/jetpack/modules/carousel/images/arrows-2x.png]
[piyatas.tothong.com/wp-content/plugins/jetpack/modules/carousel/images/carousel-spritee4da.png]
[piyatas.tothong.com/wp-content/plugins/jetpack/modules/carousel/images/carousel-sprite-2xe4da.png]
[piyatas.tothong.com/wp-content/plugins/jetpack/modules/shortcodes/img/slideshow-controls.png]
[piyatas.tothong.com/wp-content/plugins/jetpack/modules/shortcodes/img/slideshow-controls-2x.png]
[piyatas.tothong.com/wp-content/plugins/jetpack/modules/shortcodes/images/slide-nav.png]
[piyatas.tothong.com/wp-content/plugins/jetpack/modules/shortcodes/images/expand.png]
[piyatas.tothong.com/wp-content/plugins/jetpack/modules/shortcodes/images/collapse.png]
[0.gravatar.com/images/grav-share-sprite.png]
[piyatas.tothong.com/wp-content/plugins/jetpack/css/jetpackf3c8.css]
[piyatas.tothong.com/wp-content/themes/More/styles/turquoise.css]
[piyatas.tothong.com/wp-json/oembed/1.0/embedeb0f.json]
[piyatas.tothong.com/wp-json/oembed/1.0/embed3b04]
[i2.wp.com/piyatas.tothong.com/wp-content/uploads/2013/01/TCrecord2e34.jpg]
[piyatas.tothong.com/wp-content/uploads/2013/01/TCrecord.jpg]
[i0.wp.com/piyatas.tothong.com/wp-content/uploads/2013/01/tc_figures2e34.jpg]
[piyatas.tothong.com/portfolio/tc-record/index.html]
[piyatas.tothong.com/wp-content/uploads/2013/01/tc_figures.jpg]
[i1.wp.com/piyatas.tothong.com/wp-content/uploads/2013/01/scholars_tc2e34.jpg]
[piyatas.tothong.com/portfolio/three-tc-stories/index.html]
[piyatas.tothong.com/wp-content/uploads/2013/01/scholars_tc.jpg]
[i2.wp.com/piyatas.tothong.com/wp-content/uploads/2013/01/nok_air2e34.jpg]
[piyatas.tothong.com/portfolio/scholars-at-tc/index.html]
[piyatas.tothong.com/wp-content/uploads/2013/01/nok_air.jpg]
[i2.wp.com/piyatas.tothong.com/wp-content/uploads/2013/01/farmerinfo2e34.jpg]
[piyatas.tothong.com/portfolio/nok-airlines/index.html]
[piyatas.tothong.com/wp-content/uploads/2013/01/farmerinfo.jpg]
[i0.wp.com/piyatas.tothong.com/wp-content/uploads/2013/01/multiply2e34.jpg]
[piyatas.tothong.com/portfolio/farmer-info/index.html]
[piyatas.tothong.com/wp-content/uploads/2013/01/multiply.jpg]
[i0.wp.com/piyatas.tothong.com/wp-content/uploads/2013/01/global_cinema2e34.jpg]
[piyatas.tothong.com/portfolio/multiply/index.html]
[piyatas.tothong.com/wp-content/uploads/2013/01/global_cinema.jpg]
[i0.wp.com/piyatas.tothong.com/wp-content/uploads/2013/01/tiny_girl2e34.jpg]
[piyatas.tothong.com/portfolio/global-cinema/index.html]
[piyatas.tothong.com/wp-content/uploads/2013/01/tiny_girl.jpg]
[i0.wp.com/piyatas.tothong.com/wp-content/uploads/2013/01/khomapastr2e34.jpg]
[piyatas.tothong.com/wp-content/uploads/2013/01/khomapastr.jpg]
[piyatas.tothong.com/portfolio/tiny-girl/index.html]
[i2.wp.com/piyatas.tothong.com/wp-content/uploads/2013/01/orientalescapes2e34.jpg]
[piyatas.tothong.com/portfolio/khomapastr-fabrics/index.html]
[piyatas.tothong.com/wp-content/uploads/2013/01/orientalescapes.jpg]
[i2.wp.com/piyatas.tothong.com/wp-content/uploads/2013/01/Glai2e34.jpg]
[piyatas.tothong.com/portfolio/oriental-escapes/index.html]
[piyatas.tothong.com/wp-content/uploads/2013/01/Glai.jpg]
[i1.wp.com/piyatas.tothong.com/wp-content/uploads/2013/01/5686083621_21cd5f8662_b2e34.jpg]
[piyatas.tothong.com/wp-content/uploads/2013/01/5686083621_21cd5f8662_b.jpg]
[piyatas.tothong.com/portfolio/ไกล-glai-distant/index.html]
[i1.wp.com/piyatas.tothong.com/wp-content/uploads/2013/01/pyramid7b8c.jpg]
[piyatas.tothong.com/portfolio/watch-your-step/index.html]
[piyatas.tothong.com/wp-content/uploads/2013/01/pyramid.jpg]
[i0.wp.com/piyatas.tothong.com/wp-content/uploads/2013/01/two2e34.jpg]
[piyatas.tothong.com/portfolio/pyramid/index.html]
[piyatas.tothong.com/wp-content/uploads/2013/01/two.jpg]
[i1.wp.com/piyatas.tothong.com/wp-content/uploads/2013/01/tangerhyne2e34.jpg]
[piyatas.tothong.com/portfolio/two/index.html]
[i0.wp.com/piyatas.tothong.com/wp-content/uploads/2013/01/revealddb6.jpg]
[piyatas.tothong.com/portfolio/tangerhyne/index.html]
[piyatas.tothong.com/wp-content/uploads/2013/01/reveal.jpg]
[i1.wp.com/piyatas.tothong.com/wp-content/uploads/2013/01/blow2e34.png]
[piyatas.tothong.com/portfolio/reveal/index.html]
[piyatas.tothong.com/wp-content/uploads/2013/01/blow.png]
[i2.wp.com/piyatas.tothong.com/wp-content/uploads/2013/01/9112e34.png]
[piyatas.tothong.com/portfolio/b-l-o-w/index.html]
[piyatas.tothong.com/wp-content/uploads/2013/01/911.png]
[i0.wp.com/piyatas.tothong.com/wp-content/uploads/2013/01/lost883b.jpg]
[piyatas.tothong.com/portfolio/911-memorial/index.html]
[piyatas.tothong.com/wp-content/uploads/2013/01/lost.jpg]
[piyatas.tothong.com/portfolio/lost-in-space/index.html]
[i1.wp.com/piyatas.tothong.com/wp-content/uploads/2013/01/red883b.jpg]
[piyatas.tothong.com/wp-content/uploads/2013/01/red.jpg]
[i0.wp.com/piyatas.tothong.com/wp-content/uploads/2013/01/rocket3510.jpg]
[piyatas.tothong.com/portfolio/red-riding-hood/index.html]
[piyatas.tothong.com/wp-content/uploads/2013/01/rocket.jpg]
[i0.wp.com/piyatas.tothong.com/wp-content/uploads/2013/01/wishyouwerehere2e34.jpg]
[piyatas.tothong.com/portfolio/rocket-jelly/index.html]
[piyatas.tothong.com/wp-content/uploads/2013/01/wishyouwerehere.jpg]
[i0.wp.com/piyatas.tothong.com/wp-content/uploads/2013/01/journal_12e34.jpg]
[piyatas.tothong.com/portfolio/wish-you-were-here/index.html]
[piyatas.tothong.com/wp-content/uploads/2013/01/journal_1.jpg]
[i0.wp.com/piyatas.tothong.com/wp-content/uploads/2013/01/cuads_2010_02_032e34.jpg]
[piyatas.tothong.com/wp-content/uploads/2013/01/cuads_2010_02_03.jpg]
[piyatas.tothong.com/portfolio/academic-journal-of-architecture/index.html]
[i1.wp.com/piyatas.tothong.com/wp-content/uploads/2013/01/nakhara_2010_02_012e34.jpg]
[piyatas.tothong.com/portfolio/cu-ads/index.html]
[piyatas.tothong.com/wp-content/uploads/2013/01/nakhara_2010_02_01.jpg]
[i0.wp.com/piyatas.tothong.com/wp-content/uploads/2013/01/symposiumd578.jpg]
[piyatas.tothong.com/portfolio/nakhara/index.html]
[piyatas.tothong.com/wp-content/uploads/2013/01/symposium.jpg]
[piyatas.tothong.com/portfolio/arch-des-symposium/index.html]
[i1.wp.com/piyatas.tothong.com/wp-content/uploads/2013/01/preview_poster_09_12_20092e34.jpg]
[piyatas.tothong.com/wp-content/uploads/2013/01/preview_poster_09_12_2009.jpg]
[i0.wp.com/piyatas.tothong.com/wp-content/uploads/2013/01/nakhara2e34.jpg]
[piyatas.tothong.com/portfolio/cu-stem-cell/index.html]
[piyatas.tothong.com/wp-content/uploads/2013/01/nakhara.jpg]
[i0.wp.com/piyatas.tothong.com/wp-content/uploads/2013/01/digito_poster2e34.jpg]
[piyatas.tothong.com/portfolio/nakhara-2/index.html]
[piyatas.tothong.com/wp-content/uploads/2013/01/digito_poster.jpg]
[i0.wp.com/piyatas.tothong.com/wp-content/uploads/2013/01/character012e34.png]
[piyatas.tothong.com/portfolio/iphone-app-dev-courses/index.html]
[piyatas.tothong.com/wp-content/uploads/2013/01/character01.png]
[piyatas.tothong.com/portfolio/index.html]
[piyatas.tothong.com/portfolio/คาแรคเตอร์จัด/index.html]
[piyatas.tothong.com/wp-json/oembed/1.0/embed4969.json]
[piyatas.tothong.com/contact/feed/index.html]
[piyatas.tothong.com/wp-json/oembed/1.0/embedf487]
[piyatas.tothong.com/contact/index.html]
[piyatas.tothong.com/wp-content/plugins/jetpack/modules/related-posts/related-posts7f79.js]
[piyatas.tothong.com/wp-json/oembed/1.0/embed7fa6.json]
[piyatas.tothong.com/wp-content/uploads/2015/06/01.jpg]
[piyatas.tothong.com/wp-json/oembed/1.0/embede3d9]
[piyatas.tothong.com/wp-content/uploads/2015/06/02.jpg]
[piyatas.tothong.com/wp-content/uploads/2015/06/03.jpg]
[piyatas.tothong.com/wp-content/uploads/2015/06/04.jpg]
[piyatas.tothong.com/wp-content/uploads/2015/06/111.jpg]
[piyatas.tothong.com/wp-content/uploads/2015/06/121.jpg]
[piyatas.tothong.com/wp-content/uploads/2015/06/13.jpg]
[piyatas.tothong.com/wp-content/uploads/2015/06/211.jpg]
[piyatas.tothong.com/wp-content/uploads/2015/06/221.jpg]
[piyatas.tothong.com/wp-content/uploads/2015/06/231.jpg]
[piyatas.tothong.com/portfolio/research/index.html]
[piyatas.tothong.com/wp-json/oembed/1.0/embed0723.json]
[piyatas.tothong.com/wp-json/oembed/1.0/embed4d7c]
[piyatas.tothong.com/wp-content/uploads/2015/06/031.jpg]
[piyatas.tothong.com/wp-content/uploads/2015/06/030.jpg]
[piyatas.tothong.com/wp-content/uploads/2015/06/004.jpg]
[piyatas.tothong.com/wp-content/uploads/2015/06/010.jpg]
[piyatas.tothong.com/wp-content/uploads/2015/06/011.jpg]
[piyatas.tothong.com/wp-content/uploads/2015/06/013.jpg]
[piyatas.tothong.com/wp-content/uploads/2015/06/014.jpg]
[piyatas.tothong.com/portfolio/page-flows/index.html]
[piyatas.tothong.com/wp-content/uploads/2015/06/00DesignSketches_B.jpg]
[piyatas.tothong.com/wp-json/oembed/1.0/embedfaf6.json]
[piyatas.tothong.com/wp-json/oembed/1.0/embeda321]
[piyatas.tothong.com/wp-content/uploads/2015/06/027.jpg]
[piyatas.tothong.com/wp-content/uploads/2015/06/026.jpg]
[piyatas.tothong.com/wp-content/uploads/2015/06/022.jpg]
[piyatas.tothong.com/wp-content/uploads/2015/06/023.jpg]
[piyatas.tothong.com/wp-content/uploads/2015/06/024.jpg]
[piyatas.tothong.com/wp-content/uploads/2015/06/025.jpg]
[piyatas.tothong.com/portfolio/design-sketching/index.html]
[piyatas.tothong.com/wp-json/oembed/1.0/embede378.json]
[piyatas.tothong.com/wp-json/oembed/1.0/embed994e]
[piyatas.tothong.com/wp-content/uploads/2015/06/017.jpg]
[piyatas.tothong.com/wp-content/uploads/2015/06/018.jpg]
[piyatas.tothong.com/wp-content/uploads/2015/06/016.jpg]
[piyatas.tothong.com/wp-content/uploads/2015/06/shakeiWatch051.jpg]
[piyatas.tothong.com/wp-content/uploads/2015/06/shakeiWatch061.jpg]
[piyatas.tothong.com/wp-content/uploads/2015/06/shakeiWatch071.jpg]
[piyatas.tothong.com/wp-content/uploads/2015/06/0011.jpg]
[piyatas.tothong.com/wp-content/uploads/2015/06/003.jpg]
[piyatas.tothong.com/portfolio/dot-voting/index.html]
[piyatas.tothong.com/wp-json/oembed/1.0/embeda2fb.json]
[piyatas.tothong.com/wp-json/oembed/1.0/embed5095]
[piyatas.tothong.com/wp-content/uploads/2013/01/ya00.jpg]
[piyatas.tothong.com/wp-content/uploads/2013/01/ya01.jpg]
[piyatas.tothong.com/wp-content/uploads/2013/01/ya02.jpg]
[piyatas.tothong.com/wp-content/uploads/2013/01/ya03.jpg]
[piyatas.tothong.com/wp-content/uploads/2013/01/ya04.jpg]
[piyatas.tothong.com/wp-content/uploads/2013/01/ya05.jpg]
[piyatas.tothong.com/wp-content/uploads/2013/01/ya06.jpg]
[piyatas.tothong.com/wp-content/uploads/2013/01/ya07.jpg]
[piyatas.tothong.com/wp-content/uploads/2013/01/YA_UFR.jpg]
[piyatas.tothong.com/wp-content/uploads/2013/01/wireframeYoungArts.jpg]
[piyatas.tothong.com/portfolio/young-arts-network/index.html]
[piyatas.tothong.com/wp-json/oembed/1.0/embed8a29.json]
[piyatas.tothong.com/wp-json/oembed/1.0/embede1f7]
[i0.wp.com/piyatas.tothong.com/wp-content/uploads/2013/01/UFR_network29df.jpg]
[piyatas.tothong.com/wp-content/uploads/2013/01/wireframeUFR.jpg]
[piyatas.tothong.com/portfolio/ufr-network/index.html]
[piyatas.tothong.com/wp-content/themes/More/assets/img/more.png]
[piyatas.tothong.com/category/process/feed/index.html]
[piyatas.tothong.com/wp-content/uploads/2013/01/display_scholars_tc.jpg]
[piyatas.tothong.com/the-125th-anniversary-of-tc-exhibition-poster/index.html]
[piyatas.tothong.com/wp-content/uploads/2013/01/nokair.png]
[piyatas.tothong.com/sitemap-of-iphone-app-for-nok-airlines/index.html]
[piyatas.tothong.com/wp-content/uploads/2013/02/GlaiProcess.png]
[piyatas.tothong.com/wp-content/uploads/2013/02/TWOprocess.jpg]
[piyatas.tothong.com/glai-behind-the-scene/index.html]
[piyatas.tothong.com/two-behind-the-scene/index.html]
[piyatas.tothong.com/wp-content/uploads/2013/01/farmerinfo-e1359581760560.png]
[piyatas.tothong.com/sitemap-of-farmer-info-app/index.html]
[i0.wp.com/piyatas.tothong.com/wp-content/uploads/2013/01/00-e13595793504863bb8.jpg]
[piyatas.tothong.com/category/press/index.html]
[i0.wp.com/piyatas.tothong.com/wp-content/uploads/2013/01/TCrecordNewLook3bb8.jpg]
[piyatas.tothong.com/tangerhyne-in-tcdc-booklet/index.html]
[i1.wp.com/piyatas.tothong.com/wp-content/uploads/2013/01/UFRwireframing3bb8.jpg]
[i1.wp.com/piyatas.tothong.com/wp-content/uploads/2013/01/wireframingOE3bb8.png]
[i2.wp.com/piyatas.tothong.com/wp-content/uploads/2013/01/display_scholars_tc3bb8.jpg]
[piyatas.tothong.com/category/process/index.html]
[piyatas.tothong.com/tag/app/index.html]
[piyatas.tothong.com/tag/art-direction/index.html]
[piyatas.tothong.com/tag/branding/index.html]
[piyatas.tothong.com/wp-json/oembed/1.0/embed0f1b.json]
[piyatas.tothong.com/tag/coding/index.html]
[piyatas.tothong.com/tag/concept/index.html]
[piyatas.tothong.com/wp-json/oembed/1.0/embed2fe7]
[piyatas.tothong.com/tag/corporate-identity/index.html]
[i0.wp.com/piyatas.tothong.com/wp-content/uploads/2013/01/ya081ad61.jpg]
[piyatas.tothong.com/tag/diagram/index.html]
[piyatas.tothong.com/tag/ebook/index.html]
[i0.wp.com/piyatas.tothong.com/wp-content/uploads/2013/01/ya081.jpg]
[piyatas.tothong.com/tag/exhibition/index.html]
[i1.wp.com/piyatas.tothong.com/wp-content/uploads/2013/01/ya091.jpg]
[piyatas.tothong.com/tag/front-end/index.html]
[i2.wp.com/piyatas.tothong.com/wp-content/uploads/2013/01/ya101.jpg]
[piyatas.tothong.com/tag/graphics/index.html]
[i1.wp.com/piyatas.tothong.com/wp-content/uploads/2013/01/ya121.jpg]
[piyatas.tothong.com/tag/idea/index.html]
[piyatas.tothong.com/tag/info-architecture/index.html]
[i1.wp.com/piyatas.tothong.com/wp-content/uploads/2013/01/ya131.jpg]
[piyatas.tothong.com/tag/paper-engineering/index.html]
[i1.wp.com/piyatas.tothong.com/wp-content/uploads/2013/02/01mainlandingpage.jpg]
[piyatas.tothong.com/tag/poster/index.html]
[i0.wp.com/piyatas.tothong.com/wp-content/uploads/2013/02/01mainlandingpage_specs.jpg]
[piyatas.tothong.com/tag/press/index.html]
[i2.wp.com/piyatas.tothong.com/wp-content/uploads/2013/02/02faq.jpg]
[piyatas.tothong.com/tag/programming/index.html]
[i0.wp.com/piyatas.tothong.com/wp-content/uploads/2013/02/02faq_specs.jpg]
[piyatas.tothong.com/tag/sitemap/index.html]
[piyatas.tothong.com/wp-loginbd8c.html]
[piyatas.tothong.com/tag/sketch/index.html]
[piyatas.tothong.com/tag/thinking-process/index.html]
[piyatas.tothong.com/wireframing-young-arts-network/index.html]
[piyatas.tothong.com/wp-content/plugins/jetpack/modules/sharedaddy/sharingf3c8.js]
[piyatas.tothong.com/tag/ui/index.html]
[piyatas.tothong.com/tag/ux/index.html]
[piyatas.tothong.com/tag/web-2/index.html]
[piyatas.tothong.com/wp-json/oembed/1.0/embedc35f.json]
[piyatas.tothong.com/tag/wireframe/index.html]
[piyatas.tothong.com/department/app/index.html]
[piyatas.tothong.com/department/etc/index.html]
[piyatas.tothong.com/department/graphics/index.html]
[piyatas.tothong.com/wp-json/oembed/1.0/embed1cb3]
[piyatas.tothong.com/department/interactive/index.html]
[i0.wp.com/piyatas.tothong.com/wp-content/uploads/2013/01/TCrecordNewLook29df.jpg]
[piyatas.tothong.com/department/ux/index.html]
[piyatas.tothong.com/department/web/index.html]
[piyatas.tothong.com/wireframing-young-arts-network/feed/index.html]
[i0.wp.com/piyatas.tothong.com/wp-content/uploads/2013/01/ya081f42c.jpg]
[i2.wp.com/piyatas.tothong.com/wp-content/uploads/2013/01/preview_tcrecords_01.jpg]
[i1.wp.com/piyatas.tothong.com/wp-content/uploads/2013/01/ya091f42c.jpg]
[i0.wp.com/piyatas.tothong.com/wp-content/uploads/2013/01/preview_tcrecords_02_stretched.jpg]
[i2.wp.com/piyatas.tothong.com/wp-content/uploads/2013/01/ya101f42c.jpg]
[i2.wp.com/piyatas.tothong.com/wp-content/uploads/2013/01/preview_tcrecords_03_comparison.jpg]
[i1.wp.com/piyatas.tothong.com/wp-content/uploads/2013/01/ya121f42c.jpg]
[i0.wp.com/piyatas.tothong.com/wp-content/uploads/2013/01/preview_tcrecords_04_generalinfo.jpg]
[i1.wp.com/piyatas.tothong.com/wp-content/uploads/2013/01/ya131f42c.jpg]
[piyatas.tothong.com/wp-login7b44.html]
[piyatas.tothong.com/new-look-of-tc-record-website/index.html]
[i1.wp.com/piyatas.tothong.com/wp-content/uploads/2013/02/01mainlandingpage194f.jpg]
[i0.wp.com/piyatas.tothong.com/wp-content/uploads/2013/02/01mainlandingpage_specs194f.jpg]
[i2.wp.com/piyatas.tothong.com/wp-content/uploads/2013/02/02faqc07b.jpg]
[piyatas.tothong.com/wp-json/oembed/1.0/embed1bf3.json]
[i0.wp.com/piyatas.tothong.com/wp-content/uploads/2013/02/02faq_specsc07b.jpg]
[piyatas.tothong.com/wp-json/oembed/1.0/embed1bad]
[piyatas.tothong.com/wireframing-young-arts-network/index9a7b.html]
[i1.wp.com/piyatas.tothong.com/wp-content/uploads/2013/01/UFRwireframing29df.jpg]
[piyatas.tothong.com/wireframing-young-arts-network/index5a58.html]
[i1.wp.com/piyatas.tothong.com/wp-content/uploads/2013/01/wireframe051.jpg]
[piyatas.tothong.com/wireframing-young-arts-network/index386f.html]
[piyatas.tothong.com/new-look-of-tc-record-website/feed/index.html]
[i1.wp.com/piyatas.tothong.com/wp-content/uploads/2013/01/wireframe041.jpg]
[i2.wp.com/piyatas.tothong.com/wp-content/uploads/2013/01/preview_tcrecords_018daa.jpg]
[i0.wp.com/piyatas.tothong.com/wp-content/uploads/2013/01/wireframe031.jpg]
[i0.wp.com/piyatas.tothong.com/wp-content/uploads/2013/01/preview_tcrecords_02_stretched21c8.jpg]
[i2.wp.com/piyatas.tothong.com/wp-content/uploads/2013/01/preview_tcrecords_03_comparison40c5.jpg]
[i0.wp.com/piyatas.tothong.com/wp-content/uploads/2013/01/wireframe031f42c.jpg]
[i0.wp.com/piyatas.tothong.com/wp-content/uploads/2013/01/preview_tcrecords_04_generalinfo8daa.jpg]
[piyatas.tothong.com/new-look-of-tc-record-website/index9a7b.html]
[i2.wp.com/piyatas.tothong.com/wp-content/uploads/2013/01/wireframe021.jpg]
[piyatas.tothong.com/new-look-of-tc-record-website/index5a58.html]
[piyatas.tothong.com/new-look-of-tc-record-website/index386f.html]
[piyatas.tothong.com/wireframing-ufr-network/feed/index.html]
[i0.wp.com/piyatas.tothong.com/wp-content/uploads/2013/01/ufr_6.jpg]
[i1.wp.com/piyatas.tothong.com/wp-content/uploads/2013/01/wireframe051f42c.jpg]
[i1.wp.com/piyatas.tothong.com/wp-content/uploads/2013/01/wireframe041f42c.jpg]
[i1.wp.com/piyatas.tothong.com/wp-content/uploads/2013/01/ufr_5.jpg]
[i2.wp.com/piyatas.tothong.com/wp-content/uploads/2013/01/wireframe021f42c.jpg]
[i0.wp.com/piyatas.tothong.com/wp-content/uploads/2013/01/ufr_6f42c.jpg]
[i2.wp.com/piyatas.tothong.com/wp-content/uploads/2013/01/ufr_4.jpg]
[i1.wp.com/piyatas.tothong.com/wp-content/uploads/2013/01/ufr_5f42c.jpg]
[i0.wp.com/piyatas.tothong.com/wp-content/uploads/2013/01/ufr_3.jpg]
[i2.wp.com/piyatas.tothong.com/wp-content/uploads/2013/01/ufr_4f42c.jpg]
[i0.wp.com/piyatas.tothong.com/wp-content/uploads/2013/01/ufr_1.jpg]
[i0.wp.com/piyatas.tothong.com/wp-content/uploads/2013/01/ufr_3f42c.jpg]
[piyatas.tothong.com/wp-login39b9.html]
[piyatas.tothong.com/wireframing-ufr-network/index.html]
[i0.wp.com/piyatas.tothong.com/wp-content/uploads/2013/01/ufr_1f42c.jpg]
[piyatas.tothong.com/wireframing-ufr-network/index9a7b.html]
[piyatas.tothong.com/wireframing-ufr-network/index5a58.html]
[piyatas.tothong.com/wp-json/oembed/1.0/embed4c28.json]
[piyatas.tothong.com/wireframing-ufr-network/index386f.html]
[piyatas.tothong.com/wireframing-oriental-escapes-website/feed/index.html]
[piyatas.tothong.com/wp-json/oembed/1.0/embed388b]
[i1.wp.com/piyatas.tothong.com/wp-content/uploads/2013/01/wireframingOE4abe.png]
[i2.wp.com/piyatas.tothong.com/wp-content/uploads/2013/01/OElogo.jpg]
[i2.wp.com/piyatas.tothong.com/wp-content/uploads/2013/01/OElogo3464.jpg]
[i0.wp.com/piyatas.tothong.com/wp-content/uploads/2013/01/OEwireframe1.jpg]
[i1.wp.com/piyatas.tothong.com/wp-content/uploads/2013/01/OEwireframe2.jpg]
[i0.wp.com/piyatas.tothong.com/wp-content/uploads/2013/01/OEwireframe12e9b.jpg]
[i1.wp.com/piyatas.tothong.com/wp-content/uploads/2013/01/OEwireframe3.jpg]
[i1.wp.com/piyatas.tothong.com/wp-content/uploads/2013/01/OEwireframe22e9b.jpg]
[i1.wp.com/piyatas.tothong.com/wp-content/uploads/2013/01/OEwireframe4.jpg]
[i1.wp.com/piyatas.tothong.com/wp-content/uploads/2013/01/OEwireframe32e9b.jpg]
[i0.wp.com/piyatas.tothong.com/wp-content/uploads/2013/01/OEwireframe5.jpg]
[i1.wp.com/piyatas.tothong.com/wp-content/uploads/2013/01/OEwireframe42e9b.jpg]
[i1.wp.com/piyatas.tothong.com/wp-content/uploads/2013/01/OEwireframe6.jpg]
[i0.wp.com/piyatas.tothong.com/wp-content/uploads/2013/01/OEwireframe52e9b.jpg]
[i1.wp.com/piyatas.tothong.com/wp-content/uploads/2013/01/OEwireframe7.jpg]
[i1.wp.com/piyatas.tothong.com/wp-content/uploads/2013/01/OEwireframe62e9b.jpg]
[i1.wp.com/piyatas.tothong.com/wp-content/uploads/2013/01/OEwireframe72e9b.jpg]
[piyatas.tothong.com/wp-loginb551.html]
[piyatas.tothong.com/wireframing-oriental-escapes-website/index.html]
[piyatas.tothong.com/wireframing-oriental-escapes-website/index9a7b.html]
[s0.wp.com/wp-content/js/devicepx-jetpack3467.js]
[piyatas.tothong.com/wireframing-oriental-escapes-website/index5a58.html]
[piyatas.tothong.com/wireframing-oriental-escapes-website/index386f.html]
[piyatas.tothong.com/ABCDEFGHIJKLMNOPQRSTUVWXYZabcdefghijklmnopqrstuvwxyz0123456789+/index.html]
[pixel.wp.com/g9818.gif]
[s.gravatar.com/js/gprofiles1554.js]
[piyatas.tothong.com/g.gif]
[piyatas.tothong.com/c.gif]
[stats.wp.com/e-201627.js]
[piyatas.tothong.com/wp-content/themes/More/assets/img/bl.html]
[piyatas.tothong.com/wp-json/oembed/1.0/embed8a76.json]
[piyatas.tothong.com/portfolio/feed/index.html]
[piyatas.tothong.com/wp-json/oembed/1.0/embedcef4]
[i2.wp.com/piyatas.tothong.com/wp-content/uploads/2013/01/TCrecord29df.jpg]
[piyatas.tothong.com/wp-content/uploads/2013/01/preview_tcrecords_03_comparison.jpg]
[piyatas.tothong.com/portfolio/tc-record/index.html]
[piyatas.tothong.com/wp-json/oembed/1.0/embed379f.json]
[piyatas.tothong.com/wp-json/oembed/1.0/embedcf1d]
[piyatas.tothong.com/wp-content/uploads/2013/01/tc_figures_01.jpg]
[piyatas.tothong.com/wp-content/uploads/2013/01/tc_figures_02.jpg]
[piyatas.tothong.com/wp-content/uploads/2013/01/tc_figures_03.jpg]
[piyatas.tothong.com/wp-content/uploads/2013/01/tc_figures_04.jpg]
[piyatas.tothong.com/wp-content/uploads/2013/01/tc_figures_05.jpg]
[piyatas.tothong.com/wp-content/uploads/2013/01/tc_figures_06.jpg]
[piyatas.tothong.com/wp-content/uploads/2013/01/tc_figures_07.jpg]
[piyatas.tothong.com/wp-content/uploads/2013/01/tc_figures_08.jpg]
[piyatas.tothong.com/wp-content/uploads/2013/01/tc_figures_09.jpg]
[piyatas.tothong.com/wp-content/uploads/2013/01/tc_figures_10.jpg]
[piyatas.tothong.com/portfolio/three-tc-stories/index.html]
[piyatas.tothong.com/wp-json/oembed/1.0/embedc5d0.json]
[piyatas.tothong.com/wp-json/oembed/1.0/embedc69a]
[piyatas.tothong.com/wp-content/uploads/2013/01/scholars_tc_01.jpg]
[piyatas.tothong.com/wp-content/uploads/2013/01/scholars_tc_02.jpg]
[piyatas.tothong.com/wp-content/uploads/2013/01/scholars_tc_03.jpg]
[piyatas.tothong.com/wp-content/uploads/2013/01/scholars_tc_04.jpg]
[piyatas.tothong.com/wp-content/uploads/2013/01/scholars_tc_05.jpg]
[piyatas.tothong.com/wp-content/uploads/2013/01/scholars_tc_06.jpg]
[piyatas.tothong.com/wp-content/uploads/2013/01/scholars_tc_07.jpg]
[piyatas.tothong.com/wp-content/uploads/2013/01/scholars_tc_08.jpg]
[piyatas.tothong.com/wp-content/uploads/2013/01/scholars_tc_09.jpg]
[piyatas.tothong.com/wp-content/uploads/2013/01/scholars_tc_10.jpg]
[piyatas.tothong.com/portfolio/scholars-at-tc/index.html]
[piyatas.tothong.com/wp-json/oembed/1.0/embed787f.json]
[piyatas.tothong.com/wp-json/oembed/1.0/embed68a7]
[piyatas.tothong.com/wp-content/uploads/2013/01/nokair01.jpg]
[piyatas.tothong.com/wp-content/uploads/2013/01/nokair03.jpg]
[piyatas.tothong.com/wp-content/uploads/2013/01/nokair04.jpg]
[piyatas.tothong.com/wp-content/uploads/2013/01/nokair05.jpg]
[piyatas.tothong.com/wp-content/uploads/2013/01/nokair06.jpg]
[piyatas.tothong.com/wp-content/uploads/2013/01/nokair07.jpg]
[piyatas.tothong.com/wp-content/uploads/2013/01/nokair08.jpg]
[piyatas.tothong.com/wp-content/uploads/2013/01/nokair09.jpg]
[piyatas.tothong.com/wp-content/uploads/2013/01/nokair10.jpg]
[piyatas.tothong.com/portfolio/nok-airlines/index.html]
[piyatas.tothong.com/wp-json/oembed/1.0/embed90c8.json]
[piyatas.tothong.com/wp-content/uploads/2013/01/ff01.jpg]
[piyatas.tothong.com/wp-json/oembed/1.0/embedc9b5]
[piyatas.tothong.com/wp-content/uploads/2013/01/ff02.jpg]
[piyatas.tothong.com/wp-content/uploads/2013/01/ff03.jpg]
[piyatas.tothong.com/wp-content/uploads/2013/01/ff04.jpg]
[piyatas.tothong.com/wp-content/uploads/2013/01/ff05.jpg]
[piyatas.tothong.com/wp-content/uploads/2013/01/ff06.jpg]
[piyatas.tothong.com/wp-content/uploads/2013/01/ff07.jpg]
[piyatas.tothong.com/wp-content/uploads/2013/01/ff08.jpg]
[piyatas.tothong.com/wp-content/uploads/2013/01/ff09.jpg]
[piyatas.tothong.com/wp-content/uploads/2013/01/ff10.jpg]
[piyatas.tothong.com/portfolio/farmer-info/index.html]
[piyatas.tothong.com/wp-json/oembed/1.0/embed9b85.json]
[piyatas.tothong.com/wp-json/oembed/1.0/embed7986]
[piyatas.tothong.com/portfolio/multiply/index.html]
[piyatas.tothong.com/wp-json/oembed/1.0/embeddd65.json]
[piyatas.tothong.com/wp-json/oembed/1.0/embedaa90]
[piyatas.tothong.com/wp-content/uploads/2013/01/globalcinema01.jpg]
[piyatas.tothong.com/wp-content/uploads/2013/01/globalcinema02.jpg]
[piyatas.tothong.com/wp-content/uploads/2013/01/globalcinema03.jpg]
[piyatas.tothong.com/wp-content/uploads/2013/01/globalcinema04.jpg]
[piyatas.tothong.com/wp-content/uploads/2013/01/globalcinema05.jpg]
[piyatas.tothong.com/wp-content/uploads/2013/01/globalcinema06.jpg]
[piyatas.tothong.com/wp-content/uploads/2013/01/globalcinema07.jpg]
[piyatas.tothong.com/wp-content/uploads/2013/01/globalcinema08.jpg]
[piyatas.tothong.com/portfolio/global-cinema/index.html]
[piyatas.tothong.com/wp-json/oembed/1.0/embed7465.json]
[piyatas.tothong.com/portfolio/tiny-girl/index.html]
[piyatas.tothong.com/wp-json/oembed/1.0/embed4c1d]
[piyatas.tothong.com/wp-json/oembed/1.0/embedc6f2.json]
[piyatas.tothong.com/wp-json/oembed/1.0/embed47af]
[piyatas.tothong.com/wp-content/uploads/2013/01/khomapastr_02.jpg]
[piyatas.tothong.com/wp-content/uploads/2013/01/khomapastr_03.jpg]
[piyatas.tothong.com/wp-content/uploads/2013/01/khomapastr_04.jpg]
[piyatas.tothong.com/wp-content/uploads/2013/01/khomapastr_05.jpg]
[piyatas.tothong.com/wp-content/uploads/2013/01/khomapastr_06.jpg]
[piyatas.tothong.com/wp-content/uploads/2013/01/khomapastr_07.jpg]
[piyatas.tothong.com/wp-content/uploads/2013/01/khomapastr_08.jpg]
[piyatas.tothong.com/portfolio/khomapastr-fabrics/index.html]
[piyatas.tothong.com/wp-json/oembed/1.0/embedea9a.json]
[piyatas.tothong.com/wp-json/oembed/1.0/embeda6f5]
[piyatas.tothong.com/wp-content/uploads/2013/01/oe01.jpg]
[piyatas.tothong.com/wp-content/uploads/2013/01/oe02.jpg]
[piyatas.tothong.com/wp-content/uploads/2013/01/oe03.jpg]
[piyatas.tothong.com/wp-content/uploads/2013/01/oe04.jpg]
[piyatas.tothong.com/wp-content/uploads/2013/01/oe05.jpg]
[piyatas.tothong.com/wp-content/uploads/2013/01/oe06.jpg]
[piyatas.tothong.com/wp-content/uploads/2013/01/oe07.jpg]
[piyatas.tothong.com/wp-content/uploads/2013/01/oe08.jpg]
[piyatas.tothong.com/wp-content/uploads/2013/01/oe09.jpg]
[piyatas.tothong.com/portfolio/oriental-escapes/index.html]
[piyatas.tothong.com/wp-content/uploads/2013/01/Glai.jpg]
[piyatas.tothong.com/portfolio/ไกล-glai-distant/index.html]
[piyatas.tothong.com/wp-json/oembed/1.0/embedcc4f.json]
[piyatas.tothong.com/portfolio/watch-your-step/index.html]
[piyatas.tothong.com/wp-json/oembed/1.0/embede451]
[piyatas.tothong.com/wp-json/oembed/1.0/embed5a2c.json]
[piyatas.tothong.com/portfolio/pyramid/index.html]
[piyatas.tothong.com/wp-json/oembed/1.0/embedb1f1]
[piyatas.tothong.com/wp-json/oembed/1.0/embed5daa.json]
[piyatas.tothong.com/portfolio/two/index.html]
[piyatas.tothong.com/wp-json/oembed/1.0/embedd308]
[piyatas.tothong.com/wp-content/uploads/2013/01/tangerhyne.jpg]
[piyatas.tothong.com/wp-json/oembed/1.0/embed6b6c.json]
[piyatas.tothong.com/wp-content/uploads/2013/01/tangerhyne01.jpg]
[piyatas.tothong.com/wp-json/oembed/1.0/embed59da]
[piyatas.tothong.com/wp-content/uploads/2013/01/tangerhyne02.jpg]
[piyatas.tothong.com/wp-content/uploads/2013/01/tangerhyne03.jpg]
[piyatas.tothong.com/wp-content/uploads/2013/01/tangerhyne04.jpg]
[piyatas.tothong.com/wp-content/uploads/2013/01/tangerhyne05.jpg]
[piyatas.tothong.com/wp-content/uploads/2013/01/tangerhyne06.jpg]
[piyatas.tothong.com/wp-content/uploads/2013/01/tangerhyne07.jpg]
[piyatas.tothong.com/wp-content/uploads/2013/01/tangerhyne08.jpg]
[piyatas.tothong.com/wp-content/uploads/2013/01/tangerhyne09.jpg]
[piyatas.tothong.com/portfolio/tangerhyne/index.html]
[piyatas.tothong.com/wp-json/oembed/1.0/embed684b.json]
[piyatas.tothong.com/portfolio/reveal/index.html]
[piyatas.tothong.com/wp-json/oembed/1.0/embed3b47]
[piyatas.tothong.com/wp-json/oembed/1.0/embed1611.json]
[piyatas.tothong.com/portfolio/b-l-o-w/index.html]
[piyatas.tothong.com/wp-json/oembed/1.0/embedc093]
[piyatas.tothong.com/wp-json/oembed/1.0/embed36c3.json]
[piyatas.tothong.com/portfolio/911-memorial/index.html]
[piyatas.tothong.com/wp-json/oembed/1.0/embed275b]
[piyatas.tothong.com/wp-json/oembed/1.0/embed2e09.json]
[piyatas.tothong.com/portfolio/lost-in-space/index.html]
[piyatas.tothong.com/wp-json/oembed/1.0/embed3d5a]
[piyatas.tothong.com/wp-json/oembed/1.0/embed18cc.json]
[piyatas.tothong.com/portfolio/red-riding-hood/index.html]
[piyatas.tothong.com/wp-json/oembed/1.0/embed5820]
[piyatas.tothong.com/wp-json/oembed/1.0/embed304a.json]
[piyatas.tothong.com/portfolio/rocket-jelly/index.html]
[piyatas.tothong.com/wp-json/oembed/1.0/embedbd54]
[piyatas.tothong.com/wp-json/oembed/1.0/embedc9ad.json]
[piyatas.tothong.com/portfolio/wish-you-were-here/index.html]
[piyatas.tothong.com/wp-json/oembed/1.0/embed2e22]
[piyatas.tothong.com/wp-json/oembed/1.0/embede5f8.json]
[piyatas.tothong.com/wp-content/uploads/2013/01/journal_2.jpg]
[piyatas.tothong.com/wp-json/oembed/1.0/embed89ed]
[piyatas.tothong.com/wp-content/uploads/2013/01/journal_3.jpg]
[piyatas.tothong.com/wp-content/uploads/2013/01/journal_4.jpg]
[piyatas.tothong.com/portfolio/academic-journal-of-architecture/index.html]
[piyatas.tothong.com/wp-json/oembed/1.0/embed2fa8.json]
[piyatas.tothong.com/wp-json/oembed/1.0/embedaacc]
[i0.wp.com/piyatas.tothong.com/wp-content/uploads/2013/01/cuads_2010_02_0375c3.jpg]
[piyatas.tothong.com/portfolio/cu-ads/index.html]
[piyatas.tothong.com/wp-content/uploads/2013/01/nakhara_2010_02_01.jpg]
[piyatas.tothong.com/wp-json/oembed/1.0/embed9c03.json]
[piyatas.tothong.com/wp-json/oembed/1.0/embedb9d6]
[i1.wp.com/piyatas.tothong.com/wp-content/uploads/2013/01/nakhara_2010_02_014f65.jpg]
[piyatas.tothong.com/portfolio/nakhara/index.html]
[piyatas.tothong.com/wp-json/oembed/1.0/embed8c28.json]
[piyatas.tothong.com/wp-json/oembed/1.0/embedb564]
[i0.wp.com/piyatas.tothong.com/wp-content/uploads/2013/01/symposium9351.jpg]
[piyatas.tothong.com/portfolio/arch-des-symposium/index.html]
[piyatas.tothong.com/wp-json/oembed/1.0/embed692f.json]
[piyatas.tothong.com/wp-json/oembed/1.0/embed75b4]
[i1.wp.com/piyatas.tothong.com/wp-content/uploads/2013/01/preview_poster_09_12_20093fe8.jpg]
[piyatas.tothong.com/portfolio/cu-stem-cell/index.html]
[piyatas.tothong.com/wp-content/uploads/2013/01/nakhara.jpg]
[piyatas.tothong.com/wp-json/oembed/1.0/embedeed5.json]
[piyatas.tothong.com/wp-json/oembed/1.0/embed4ac3]
[i0.wp.com/piyatas.tothong.com/wp-content/uploads/2013/01/nakhara4f65.jpg]
[piyatas.tothong.com/portfolio/nakhara-2/index.html]
[piyatas.tothong.com/wp-json/oembed/1.0/embede0a6.json]
[piyatas.tothong.com/wp-json/oembed/1.0/embed2d83]
[i0.wp.com/piyatas.tothong.com/wp-content/uploads/2013/01/digito_poster1a5e.jpg]
[piyatas.tothong.com/portfolio/iphone-app-dev-courses/index.html]
[piyatas.tothong.com/portfolio/คาแรคเตอร์จัด/index.html]
[piyatas.tothong.com/wp-content/uploads/2013/01/wireframeUFR.jpg]
[piyatas.tothong.com/wp-json/oembed/1.0/embed9789.json]
[piyatas.tothong.com/the-125th-anniversary-of-tc-exhibition-poster/feed/index.html]
[piyatas.tothong.com/wp-json/oembed/1.0/embedc02b]
[i2.wp.com/piyatas.tothong.com/wp-content/uploads/2013/01/display_scholars_tc046c.jpg]
[piyatas.tothong.com/wp-loginee8c.html]
[piyatas.tothong.com/the-125th-anniversary-of-tc-exhibition-poster/index.html]
[piyatas.tothong.com/the-125th-anniversary-of-tc-exhibition-poster/index9a7b.html]
[piyatas.tothong.com/the-125th-anniversary-of-tc-exhibition-poster/index5a58.html]
[piyatas.tothong.com/the-125th-anniversary-of-tc-exhibition-poster/index386f.html]
[piyatas.tothong.com/wp-json/oembed/1.0/embed5d42.json]
[piyatas.tothong.com/sitemap-of-iphone-app-for-nok-airlines/feed/index.html]
[piyatas.tothong.com/wp-json/oembed/1.0/embeded98]
[i2.wp.com/piyatas.tothong.com/wp-content/uploads/2013/01/nokair581b.png]
[i1.wp.com/piyatas.tothong.com/wp-content/uploads/2013/01/nokair_sitemap.jpg]
[i1.wp.com/piyatas.tothong.com/wp-content/uploads/2013/01/nokair_sitemapc11e.jpg]
[piyatas.tothong.com/wp-login53ab.html]
[piyatas.tothong.com/sitemap-of-iphone-app-for-nok-airlines/index.html]
[piyatas.tothong.com/sitemap-of-iphone-app-for-nok-airlines/index9a7b.html]
[piyatas.tothong.com/sitemap-of-iphone-app-for-nok-airlines/index5a58.html]
[piyatas.tothong.com/sitemap-of-iphone-app-for-nok-airlines/index386f.html]
[piyatas.tothong.com/wp-json/oembed/1.0/embed2a25.json]
[piyatas.tothong.com/glai-behind-the-scene/feed/index.html]
[piyatas.tothong.com/wp-json/oembed/1.0/embed560d]
[i0.wp.com/piyatas.tothong.com/wp-content/uploads/2013/02/GlaiProcessa9a5.png]
[i1.wp.com/piyatas.tothong.com/wp-content/uploads/2013/02/01copysyphonexample.png]
[i1.wp.com/piyatas.tothong.com/wp-content/uploads/2013/02/01copysyphonexample29f7.png]
[i0.wp.com/piyatas.tothong.com/wp-content/uploads/2013/02/screen-shot-2012-04-09-at-9-17-54-pm.png]
[i2.wp.com/piyatas.tothong.com/wp-content/uploads/2013/02/20120213-090702.jpg]
[i0.wp.com/piyatas.tothong.com/wp-content/uploads/2013/02/screen-shot-2012-04-09-at-9-17-54-pmd4f7.png]
[i2.wp.com/piyatas.tothong.com/wp-content/uploads/2013/02/20120213-0907023f05.jpg]
[i1.wp.com/piyatas.tothong.com/wp-content/uploads/2013/02/04oscreceiver_therests.png]
[piyatas.tothong.com/wp-login1e62.html]
[piyatas.tothong.com/glai-behind-the-scene/index.html]
[i1.wp.com/piyatas.tothong.com/wp-content/uploads/2013/02/04oscreceiver_therests76d9.png]
[piyatas.tothong.com/glai-behind-the-scene/index9a7b.html]
[piyatas.tothong.com/glai-behind-the-scene/index5a58.html]
[piyatas.tothong.com/wp-json/oembed/1.0/embed1f27.json]
[piyatas.tothong.com/glai-behind-the-scene/index386f.html]
[piyatas.tothong.com/two-behind-the-scene/feed/index.html]
[piyatas.tothong.com/wp-json/oembed/1.0/embede168]
[i1.wp.com/piyatas.tothong.com/wp-content/uploads/2013/02/TWOprocess8b24.jpg]
[piyatas.tothong.com/wp-login154d.html]
[piyatas.tothong.com/two-behind-the-scene/index.html]
[piyatas.tothong.com/two-behind-the-scene/index9a7b.html]
[piyatas.tothong.com/two-behind-the-scene/index5a58.html]
[piyatas.tothong.com/two-behind-the-scene/index386f.html]
[piyatas.tothong.com/wp-json/oembed/1.0/embed642e.json]
[piyatas.tothong.com/sitemap-of-farmer-info-app/feed/index.html]
[piyatas.tothong.com/wp-json/oembed/1.0/embed1828]
[i2.wp.com/piyatas.tothong.com/wp-content/uploads/2013/01/farmerinfo-e13595817605603e1f.png]
[i1.wp.com/piyatas.tothong.com/wp-content/uploads/2013/01/farmerinfo_sitemap.jpg]
[piyatas.tothong.com/wp-logindc7e.html]
[piyatas.tothong.com/sitemap-of-farmer-info-app/index.html]
[i1.wp.com/piyatas.tothong.com/wp-content/uploads/2013/01/farmerinfo_sitemap4709.jpg]
[piyatas.tothong.com/sitemap-of-farmer-info-app/index9a7b.html]
[piyatas.tothong.com/wp-content/uploads/2013/01/00-e1359579350486.jpg]
[piyatas.tothong.com/sitemap-of-farmer-info-app/index5a58.html]
[piyatas.tothong.com/category/press/index.html]
[piyatas.tothong.com/sitemap-of-farmer-info-app/index386f.html]
[piyatas.tothong.com/category/press/feed/index.html]
[piyatas.tothong.com/wp-json/oembed/1.0/embed05b8.json]
[piyatas.tothong.com/tangerhyne-in-tcdc-booklet/feed/index.html]
[piyatas.tothong.com/wp-json/oembed/1.0/embedb1f2]
[i0.wp.com/piyatas.tothong.com/wp-content/uploads/2013/01/00-e135957935048629df.jpg]
[i1.wp.com/piyatas.tothong.com/wp-content/uploads/2013/01/02.jpg]
[i2.wp.com/piyatas.tothong.com/wp-content/uploads/2013/01/03.jpg]
[i1.wp.com/piyatas.tothong.com/wp-content/uploads/2013/01/025feb.jpg]
[i1.wp.com/piyatas.tothong.com/wp-content/uploads/2013/01/04.jpg]
[i2.wp.com/piyatas.tothong.com/wp-content/uploads/2013/01/05.jpg]
[i1.wp.com/piyatas.tothong.com/wp-content/uploads/2013/01/0477e4.jpg]
[i1.wp.com/piyatas.tothong.com/wp-content/uploads/2013/01/06.jpg]
[i2.wp.com/piyatas.tothong.com/wp-content/uploads/2013/01/0530ed.jpg]
[i2.wp.com/piyatas.tothong.com/wp-content/uploads/2013/01/07.jpg]
[i1.wp.com/piyatas.tothong.com/wp-content/uploads/2013/01/06f854.jpg]
[i0.wp.com/piyatas.tothong.com/wp-content/uploads/2013/01/08.jpg]
[i2.wp.com/piyatas.tothong.com/wp-content/uploads/2013/01/0771b9.jpg]
[piyatas.tothong.com/wp-login8756.html]
[piyatas.tothong.com/tangerhyne-in-tcdc-booklet/index.html]
[i0.wp.com/piyatas.tothong.com/wp-content/uploads/2013/01/08e95e.jpg]
[piyatas.tothong.com/tangerhyne-in-tcdc-booklet/index9a7b.html]
[piyatas.tothong.com/tag/app/index.html]
[piyatas.tothong.com/tangerhyne-in-tcdc-booklet/index5a58.html]
[piyatas.tothong.com/tangerhyne-in-tcdc-booklet/index386f.html]
[piyatas.tothong.com/tag/art-direction/index.html]
[piyatas.tothong.com/tag/app/feed/index.html]
[piyatas.tothong.com/tag/art-direction/feed/index.html]
[piyatas.tothong.com/tag/branding/index.html]
[piyatas.tothong.com/tag/branding/feed/index.html]
[piyatas.tothong.com/tag/coding/index.html]
[piyatas.tothong.com/tag/coding/feed/index.html]
[piyatas.tothong.com/tag/concept/index.html]
[piyatas.tothong.com/tag/concept/feed/index.html]
[piyatas.tothong.com/tag/corporate-identity/index.html]
[piyatas.tothong.com/tag/diagram/index.html]
[piyatas.tothong.com/tag/corporate-identity/feed/index.html]
[piyatas.tothong.com/tag/diagram/feed/index.html]
[piyatas.tothong.com/tag/ebook/index.html]
[piyatas.tothong.com/tag/ebook/feed/index.html]
[piyatas.tothong.com/tag/exhibition/index.html]
[piyatas.tothong.com/tag/front-end/index.html]
[piyatas.tothong.com/tag/exhibition/feed/index.html]
[piyatas.tothong.com/tag/front-end/feed/index.html]
[piyatas.tothong.com/tag/graphics/index.html]
[piyatas.tothong.com/tag/idea/index.html]
[piyatas.tothong.com/tag/graphics/feed/index.html]
[piyatas.tothong.com/tag/idea/feed/index.html]
[piyatas.tothong.com/tag/info-architecture/index.html]
[piyatas.tothong.com/tag/paper-engineering/index.html]
[piyatas.tothong.com/tag/info-architecture/feed/index.html]
[piyatas.tothong.com/tag/paper-engineering/feed/index.html]
[piyatas.tothong.com/tag/poster/index.html]
[piyatas.tothong.com/tag/press/index.html]
[piyatas.tothong.com/tag/poster/feed/index.html]
[piyatas.tothong.com/tag/programming/index.html]
[piyatas.tothong.com/tag/press/feed/index.html]
[piyatas.tothong.com/tag/programming/feed/index.html]
[piyatas.tothong.com/tag/sitemap/index.html]
[piyatas.tothong.com/tag/sitemap/feed/index.html]
[piyatas.tothong.com/tag/sketch/index.html]
[piyatas.tothong.com/tag/thinking-process/index.html]
[piyatas.tothong.com/tag/sketch/feed/index.html]
[piyatas.tothong.com/tag/thinking-process/feed/index.html]
[piyatas.tothong.com/tag/ui/index.html]
[piyatas.tothong.com/tag/ux/index.html]
[piyatas.tothong.com/tag/ui/feed/index.html]
[piyatas.tothong.com/tag/ux/feed/index.html]
[piyatas.tothong.com/tag/web-2/index.html]
[piyatas.tothong.com/tag/web-2/feed/index.html]
[piyatas.tothong.com/tag/wireframe/index.html]
[piyatas.tothong.com/department/app/index.html]
[piyatas.tothong.com/tag/wireframe/feed/index.html]
[piyatas.tothong.com/2013/01/index.html]
[piyatas.tothong.com/department/etc/index.html]
[piyatas.tothong.com/department/graphics/index.html]
[piyatas.tothong.com/department/interactive/index.html]
[piyatas.tothong.com/department/ux/index.html]
[piyatas.tothong.com/department/web/index.html]
[piyatas.tothong.com/wp-content/plugins/jetpack/_inc/genericons/genericons/Genericons.eot]
[piyatas.tothong.com/wp-content/plugins/jetpack/_inc/genericons/genericons/Genericonsd41d.eot]
[piyatas.tothong.com/wp-content/plugins/jetpack/_inc/genericons/genericons/Genericons.ttf]
[piyatas.tothong.com/wp-content/plugins/jetpack/_inc/genericons/genericons/genericons128b.css]
[piyatas.tothong.com/wireframing-young-arts-network/index9a7b.html]
[piyatas.tothong.com/wireframing-young-arts-network/index5a58.html]
[piyatas.tothong.com/wireframing-young-arts-network/index386f.html]
[piyatas.tothong.com/wp-includes/css/buttons.minc1f9.css]
[piyatas.tothong.com/wp-includes/css/dashicons.minc1f9.css]
[piyatas.tothong.com/wp-admin/css/login.minc1f9.css]
[piyatas.tothong.com/wp-includes/js/jquery/jquery-migrate.min1576.js]
[piyatas.tothong.com/wp-loginc2b6.html]
[piyatas.tothong.com/wp-loginc84c.php]
[piyatas.tothong.com/wp-loginbd8c.html]
[piyatas.tothong.com/new-look-of-tc-record-website/index9a7b.html]
[piyatas.tothong.com/new-look-of-tc-record-website/index5a58.html]
[piyatas.tothong.com/new-look-of-tc-record-website/index386f.html]
[piyatas.tothong.com/wp-includes/js/jquery/jqueryc1d8.js]
[piyatas.tothong.com/wp-login91b8.php]
[piyatas.tothong.com/wp-login7b44.html]
[piyatas.tothong.com/wireframing-ufr-network/index9a7b.html]
[piyatas.tothong.com/wireframing-ufr-network/index5a58.html]
[piyatas.tothong.com/wireframing-ufr-network/index386f.html]
[piyatas.tothong.com/wp-logind489.php]
[piyatas.tothong.com/wp-login39b9.html]
[piyatas.tothong.com/wireframing-oriental-escapes-website/index9a7b.html]
[piyatas.tothong.com/wireframing-oriental-escapes-website/index5a58.html]
[piyatas.tothong.com/wireframing-oriental-escapes-website/index386f.html]
[piyatas.tothong.com/wp-logind5d8.php]
[piyatas.tothong.com/wp-loginb551.html]
[piyatas.tothong.com/ABCDEFGHIJKLMNOPQRSTUVWXYZabcdefghijklmnopqrstuvwxyz0123456789+/index.html]
[piyatas.tothong.com/g.html]
[piyatas.tothong.com/c.html]
[piyatas.tothong.com/portfolio/feed/index.html]
[piyatas.tothong.com/wp-content/uploads/2013/01/preview_tcrecords_03_comparison.jpg]
[piyatas.tothong.com/wp-content/uploads/2013/01/scholars_tc_01.jpg]
[piyatas.tothong.com/wp-content/uploads/2013/01/scholars_tc_02.jpg]
[piyatas.tothong.com/wp-content/uploads/2013/01/scholars_tc_03.jpg]
[piyatas.tothong.com/wp-content/uploads/2013/01/scholars_tc_04.jpg]
[piyatas.tothong.com/wp-content/uploads/2013/01/nokair02.jpg]
[piyatas.tothong.com/wp-content/uploads/2013/01/globalcinema09.jpg]
[piyatas.tothong.com/wp-content/uploads/2013/01/Glai.jpg]
[piyatas.tothong.com/wp-content/uploads/2013/01/journal_5.jpg]
[piyatas.tothong.com/wp-content/uploads/2013/01/preview_poster_09_12_2009.jpg]
[piyatas.tothong.com/wp-content/uploads/2013/01/wireframeUFR.jpg]
[piyatas.tothong.com/the-125th-anniversary-of-tc-exhibition-poster/index9a7b.html]
[piyatas.tothong.com/the-125th-anniversary-of-tc-exhibition-poster/index5a58.html]
[piyatas.tothong.com/the-125th-anniversary-of-tc-exhibition-poster/index386f.html]
[piyatas.tothong.com/wp-login.22b53e1.delayed]
[piyatas.tothong.com/wp-loginee8c.html]
[piyatas.tothong.com/sitemap-of-iphone-app-for-nok-airlines/index9a7b.html]
[piyatas.tothong.com/sitemap-of-iphone-app-for-nok-airlines/index5a58.html]
[piyatas.tothong.com/sitemap-of-iphone-app-for-nok-airlines/index386f.html]
[piyatas.tothong.com/wp-loginf337.php]
[piyatas.tothong.com/wp-login53ab.html]
[piyatas.tothong.com/glai-behind-the-scene/index9a7b.html]
[piyatas.tothong.com/glai-behind-the-scene/index5a58.html]
[piyatas.tothong.com/glai-behind-the-scene/index386f.html]
[piyatas.tothong.com/wp-loginef8e.php]
[piyatas.tothong.com/wp-login1e62.html]
[i1.wp.com/aimeedda.files.wordpress.com/2011/04/aimeepiyatastantanapornchai02.html]
[i1.wp.com/aimeedda.files.wordpress.com/2011/04/aimeepiyatastantanapornchai02c7bf.html]
[i2.wp.com/aimeedda.files.wordpress.com/2011/04/img_6984.html]
[i2.wp.com/aimeedda.files.wordpress.com/2011/04/img_6984d96f.html]
[i2.wp.com/aimeedda.files.wordpress.com/2011/04/img_6985.html]
[i2.wp.com/aimeedda.files.wordpress.com/2011/04/img_6985d96f.html]
[i2.wp.com/aimeedda.files.wordpress.com/2011/04/img_6987.html]
[i2.wp.com/aimeedda.files.wordpress.com/2011/04/img_698737eb.html]
[i2.wp.com/aimeedda.files.wordpress.com/2011/04/img_6986.html]
[i2.wp.com/aimeedda.files.wordpress.com/2011/04/img_6986d96f.html]
[i1.wp.com/aimeedda.files.wordpress.com/2011/04/screen-shot-2011-04-04-at-12-59-35-am.html]
[i1.wp.com/aimeedda.files.wordpress.com/2011/04/screen-shot-2011-04-04-at-12-59-35-am3414.html]
[i2.wp.com/aimeedda.files.wordpress.com/2011/04/aimeepiyatastantanapornchai01.html]
[i2.wp.com/aimeedda.files.wordpress.com/2011/04/aimeepiyatastantanapornchai0137eb.html]
[i1.wp.com/aimeedda.files.wordpress.com/2011/04/aimeepiyatastantanapornchai021.html]
[i1.wp.com/aimeedda.files.wordpress.com/2011/04/aimeepiyatastantanapornchai02137eb.html]
[i0.wp.com/aimeedda.files.wordpress.com/2011/04/aimeepiyatastantanapornchai03.html]
[i0.wp.com/aimeedda.files.wordpress.com/2011/04/aimeepiyatastantanapornchai0337eb.html]
[i1.wp.com/aimeedda.files.wordpress.com/2011/04/aimeepiyatastantanapornchai04.html]
[i1.wp.com/aimeedda.files.wordpress.com/2011/04/aimeepiyatastantanapornchai0437eb.html]
[i2.wp.com/aimeedda.files.wordpress.com/2011/04/aimeepiyatastantanapornchai06.html]
[i2.wp.com/aimeedda.files.wordpress.com/2011/04/aimeepiyatastantanapornchai0637eb.html]
[i2.wp.com/aimeedda.files.wordpress.com/2011/04/aimeepiyatastantanapornchai.html]
[i2.wp.com/aimeedda.files.wordpress.com/2011/04/aimeepiyatastantanapornchai37eb.html]
[piyatas.tothong.com/two-behind-the-scene/index9a7b.html]
[piyatas.tothong.com/two-behind-the-scene/index5a58.html]
[piyatas.tothong.com/two-behind-the-scene/index386f.html]
[piyatas.tothong.com/wp-loginc582.php]
[piyatas.tothong.com/wp-login154d.html]
[piyatas.tothong.com/sitemap-of-farmer-info-app/index9a7b.html]
[piyatas.tothong.com/sitemap-of-farmer-info-app/index5a58.html]
[piyatas.tothong.com/sitemap-of-farmer-info-app/index386f.html]
[piyatas.tothong.com/wp-loginc5ea.php]
[piyatas.tothong.com/wp-logindc7e.html]
[i2.wp.com/piyatas.tothong.com/wp-content/uploads/2013/01/03.jpg]
[i0.wp.com/piyatas.tothong.com/wp-content/uploads/2013/01/08.jpg]
[piyatas.tothong.com/tangerhyne-in-tcdc-booklet/index9a7b.html]
[piyatas.tothong.com/tangerhyne-in-tcdc-booklet/index5a58.html]
[piyatas.tothong.com/tangerhyne-in-tcdc-booklet/index386f.html]
[piyatas.tothong.com/wp-login.230a0d8.delayed]
[piyatas.tothong.com/wp-login8756.html]
[piyatas.tothong.com/2013/01/index.html]
[piyatas.tothong.com/wp-content/plugins/jetpack/_inc/genericons/genericons/Genericons.svg]
[piyatas.tothong.com/wp-includes/css/buttons.minc1f9.css]
[piyatas.tothong.com/wp-includes/fonts/dashicons.eot]
[piyatas.tothong.com/wp-includes/css/dashicons.minc1f9.css]
[piyatas.tothong.com/wp-admin/images/loading.gif]
[piyatas.tothong.com/wp-admin/images/w-logo-blue7a53.png]
[piyatas.tothong.com/wp-admin/css/login.minc1f9.css]
[piyatas.tothong.com/wp-login.html]
[piyatas.tothong.com/wp-loginc2b6.html]
[piyatas.tothong.com/wp-content/uploads/2013/01/scholars_tc_01.jpg]
[piyatas.tothong.com/wp-content/uploads/2013/01/scholars_tc_03.jpg]
[piyatas.tothong.com/wp-content/uploads/2013/01/scholars_tc_04.jpg]
[piyatas.tothong.com/wp-content/uploads/2013/01/khomapastr_01.jpg]
[i2.wp.com/piyatas.tothong.com/wp-content/uploads/2013/01/03.jpg]
[i2.wp.com/piyatas.tothong.com/wp-content/uploads/2013/01/03e21e.jpg]
[i0.wp.com/piyatas.tothong.com/wp-content/uploads/2013/01/08.jpg]
[piyatas.tothong.com/wp-admin/images/wordpress-logo7d6b.svg]
[piyatas.tothong.com/wp-login.2366484.delayed]
[piyatas.tothong.com/wp-login.html]
